------------------------------------------------------------
Timing Analyzer Summary
------------------------------------------------------------

Type  : Slow 1100mV 100C Model Setup 'clk'
Slack : 11.493
TNS   : 0.000

Type  : Slow 1100mV 100C Model Hold 'clk'
Slack : 0.335
TNS   : 0.000

Type  : Slow 1100mV 100C Model Minimum Pulse Width 'clk'
Slack : 9.165
TNS   : 0.000

Type  : Slow 1100mV -40C Model Setup 'clk'
Slack : 11.141
TNS   : 0.000

Type  : Slow 1100mV -40C Model Hold 'clk'
Slack : 0.252
TNS   : 0.000

Type  : Slow 1100mV -40C Model Minimum Pulse Width 'clk'
Slack : 9.284
TNS   : 0.000

Type  : Fast 1100mV 100C Model Setup 'clk'
Slack : 15.262
TNS   : 0.000

Type  : Fast 1100mV 100C Model Hold 'clk'
Slack : 0.183
TNS   : 0.000

Type  : Fast 1100mV 100C Model Minimum Pulse Width 'clk'
Slack : 9.105
TNS   : 0.000

Type  : Fast 1100mV -40C Model Setup 'clk'
Slack : 15.855
TNS   : 0.000

Type  : Fast 1100mV -40C Model Hold 'clk'
Slack : 0.139
TNS   : 0.000

Type  : Fast 1100mV -40C Model Minimum Pulse Width 'clk'
Slack : 9.046
TNS   : 0.000

------------------------------------------------------------
